--- Wed Sep 10 09:25:35 UTC 2025 ---
CPU:
0.25%
MEMORY:
               total        used        free      shared  buff/cache   available
Mem:            15Gi       755Mi        14Gi       4.0Mi       824Mi        14Gi
Swap:             0B          0B          0B
DISK:
Filesystem      Size  Used Avail Use% Mounted on
/dev/root        29G  2.6G   26G  10% /
NET:
12910217
11511859

--- Wed Sep 10 09:30:36 UTC 2025 ---
CPU:
0.25%
MEMORY:
               total        used        free      shared  buff/cache   available
Mem:            15Gi       757Mi        14Gi       4.0Mi       824Mi        14Gi
Swap:             0B          0B          0B
DISK:
Filesystem      Size  Used Avail Use% Mounted on
/dev/root        29G  2.6G   26G  10% /
NET:
13312747
12148586

--- Wed Sep 10 09:35:37 UTC 2025 ---
CPU:
0%
MEMORY:
               total        used        free      shared  buff/cache   available
Mem:            15Gi       765Mi        14Gi       4.0Mi       824Mi        14Gi
Swap:             0B          0B          0B
DISK:
Filesystem      Size  Used Avail Use% Mounted on
/dev/root        29G  2.6G   26G  10% /
NET:
13671564
12734784

